// Jest Snapshot v1, https://goo.gl/fbAQLP

exports[`should render ExpenseListFilters correctly 1`] = `undefined`;
